  state 0 OK -> Start a new game
->new_game(hard)
  state 1 OK -> Fire Away!
     1  2  3  4  5  6  7  8
  A  _  _  _  _  _  _  _  _
  B  _  _  _  _  _  _  _  _
  C  _  _  _  _  _  _  _  _
  D  _  _  _  _  _  _  _  _
  E  _  _  _  _  _  _  _  _
  F  _  _  _  _  _  _  _  _
  G  _  _  _  _  _  _  _  _
  H  _  _  _  _  _  _  _  _
  Current Game: 1
  Shots: 0/24
  Bombs: 0/5
  Score: 0/15 (Total: 0/15)
  Ships: 0/5
    5x1: Not Sunk
    4x1: Not Sunk
    3x1: Not Sunk
    2x1: Not Sunk
    1x1: Not Sunk
