Syntax Error: specification of command executions cannot be parsed
parse error (Line 11, Column 11)
